// Jest Snapshot v1, https://goo.gl/fbAQLP

exports[`Header component Match Snapshot 1`] = `
<header
  className="header"
>
  <a
    href="/"
    onClick={[Function]}
  >
    <img
      alt="Logo Platzi Video"
      className="header__img"
      src="test-file.stub"
    />
  </a>
  <div
    className="header__menu"
  >
    <div
      className="header__menu--profile"
    >
      <img
        alt="user Icon"
        src="test-file.stub"
      />
      <p>
        Menu
      </p>
    </div>
    <ul>
      <li>
        <a
          href="/login"
          onClick={[Function]}
        >
          Iniciar Sesi√≥n
        </a>
      </li>
      <li>
        <a
          href="/signUp"
          onClick={[Function]}
        >
          Registrarse
        </a>
      </li>
    </ul>
  </div>
</header>
`;
